// Jest Snapshot v1, https://goo.gl/fbAQLP

exports[`Card Component Matches the snapshot 1`] = `
<div>
  <div
    className="sc-bdVaJa usiNU"
  />
</div>
`;
